// Jest Snapshot v1, https://goo.gl/fbAQLP

exports[`ArticleList tests renders correctly 1`] = `
<div>
  <div>
    <ul
      class="container"
    >
      <li
        class="container"
      >
        <article
          class="article"
        >
          <div
            class="wrapper"
          >
            <h2
              class="title"
            >
              Airline etiquette: Tips from an expert 
            </h2>
          </div>
          <button
            class="button"
          >
            Show more
          </button>
        </article>
      </li>
      <li
        class="container"
      >
        <article
          class="article"
        >
          <div
            class="wrapper"
          >
            <h2
              class="title"
            >
              The 32 most beautiful places to visit in Ireland
            </h2>
          </div>
          <button
            class="button"
          >
            Show more
          </button>
        </article>
      </li>
    </ul>
  </div>
</div>
`;
